(program 
  (line (block_statement (statement (assignment_statement let (variable x) = (expr (literal 42))))) \n) 
  (line (block_statement (statement (assignment_statement (variable y) = (expr (literal 42))))) \n) 
  (line (block_statement (statement (assignment_statement let (variable s $) = (expr (literal "foo bar"))))) \n) 
  (line (block_statement (statement (assignment_statement (variable i !) = (expr (literal 1))))) : (statement (assignment_statement (variable j #) = (expr (literal 2)))) \n) 
  (line (block_statement (statement (assignment_statement (variable k $) = (expr (literal "3"))))) \n) 
  (line (block_statement (statement (assignment_statement (variable l %) = (expr (literal 4))))) \n) 
  (line (block_statement (statement (assignment_statement (variable m &) = (expr (literal 5))))) \n) 
  (line (block_statement (statement (assignment_statement (variable a) = (expr (literal 1e5))))) \n) 
  (line (block_statement (statement (assignment_statement (variable b) = (expr (literal .002))))) \n) 
  (line (block_statement (statement (assignment_statement (variable c) = (expr (literal 2.00553))))) \n) 
  (line (block_statement (statement (assignment_statement (variable d) = (expr (literal 0.00553e-6))))) \n) 
  (line (block_statement (statement (assignment_statement (variable e) = (expr (literal &h2ff))))) \n) 
  (line (block_statement (statement (assignment_statement (variable f) = (expr (literal &h9ab &))))) \n) 
  (line (block_statement (statement (assignment_statement (variable f) = (expr (literal &hcc %))))) \n) 
  (line (block_statement (statement (assignment_statement (variable g) = (expr (literal &o774))))) \n) <EOF>)
