(program 
  (statement 
    (call_statement 
      (untyped_id noargs))) \n 
  (statement 
    (call_statement call 
      (untyped_id noargs))) \n 
  (statement 
    (call_statement 
      (untyped_id onearg) 
      (call_argument_list 
        (call_argument 
          (expr 
            (literal 1)))))) \n 
  (statement 
    (call_statement call 
      (untyped_id onearg) 
      ( 
        (call_argument_list 
          (call_argument 
            (expr 
              (literal 1)))) ))) \n 
  (statement 
    (call_statement 
      (untyped_id twoargs) 
      (call_argument_list 
        (call_argument 
          (expr 
            (literal 1))) , 
        (call_argument 
          (expr 
            (literal 2)))))) \n 
  (statement 
    (call_statement call 
      (untyped_id twoargs) 
      ( 
        (call_argument_list 
          (call_argument 
            (expr 
              (literal 1))) , 
          (call_argument 
            (expr 
              (literal 2)))) ))) \n 
  (statement 
    (call_statement 
      (untyped_id twoargs) 
      (call_argument_list 
        (call_argument 
          (expr 
            (expr 
              (literal 1)) + 
            (expr 
              (expr 
                (literal 2)) \ 
              (expr 
                (literal 4))))) , 
        (call_argument 
          (expr 
            (expr 
              (literal 3)) + 
            (expr 
              (literal 7))))))) \n 
  (statement 
    (call_statement call 
      (untyped_id twoargs) 
      ( 
        (call_argument_list 
          (call_argument 
            (expr 
              (expr 
                (literal 1)) + 
              (expr 
                (expr 
                  (literal 2)) \ 
                (expr 
                  (literal 4))))) , 
          (call_argument 
            (expr 
              (expr 
                (literal 3)) + 
              (expr 
                (literal 7))))) ))) \n 
  (statement 
    (call_statement 
      (untyped_id twoargs) 
      (call_argument_list 
        (call_argument 
          (expr 
            ( 
              (expr 
                (variable_or_function_call x)) ))) , 
        (call_argument y)))) \n 
  (statement 
    (call_statement call 
      (untyped_id twoargs) 
      ( 
        (call_argument_list 
          (call_argument 
            (expr 
              ( 
                (expr 
                  (variable_or_function_call x)) ))) , 
          (call_argument y)) ))) \n 
  (statement 
    (call_statement 
      (untyped_id threeargs) 
      (call_argument_list 
        (call_argument a 
          ( )) , 
        (call_argument 
          (expr 
            ( 
              (expr 
                (variable_or_function_call b 
                  (args_or_indices 
                    ( 
                      (expr 
                        (literal 2)) )))) ))) , 
        (call_argument c 
          (args_or_indices 
            ( 
              (expr 
                (literal 1)) )))))) \n 
  (statement 
    (call_statement call 
      (untyped_id threeargs) 
      ( 
        (call_argument_list 
          (call_argument a 
            ( )) , 
          (call_argument 
            (expr 
              ( 
                (expr 
                  (variable_or_function_call b 
                    (args_or_indices 
                      ( 
                        (expr 
                          (literal 2)) )))) ))) , 
          (call_argument c 
            (args_or_indices 
              ( 
                (expr 
                  (literal 1)) )))) ))) \n)
