(program 
  (statement 
    (scope_statement common shared 
      (scope_variable wowzas 
        (array_declaration 
          ( )) as 
        (type_name 
          (fixed_string string * 42))))) \n 
  (statement 
    (scope_statement common 
      (scope_variable 
        (typed_id i)) , 
      (scope_variable 
        (typed_id j)) , 
      (scope_variable 
        (typed_id k)) , 
      (scope_variable 
        (typed_id a) 
        (array_declaration 
          ( ))))) \n 
  (statement 
    (scope_statement common 
      (scope_variable 
        (typed_id a $)) , 
      (scope_variable 
        (typed_id b $) 
        (array_declaration 
          ( ))) , 
      (scope_variable 
        (typed_id x)) , 
      (scope_variable 
        (typed_id y)) , 
      (scope_variable 
        (typed_id z)))) \n)
