(program 
  (statement 
    (const_statement const 
      (const_assignment 
        (typed_id answer) = 
        (const_expr 
          (expr 
            (literal 42)))) , 
      (const_assignment 
        (typed_id question) = 
        (const_expr 
          (expr 
            (literal 0)))))) \n 
  (statement 
    (const_statement const 
      (const_assignment 
        (typed_id x) = 
        (const_expr 
          (expr - 
            (expr 
              (literal 2.0))))))) \n)
