(program 
  (line (block_statement (statement (const_statement const (const_assignment (variable answer) = (const_expr (expr (literal 42)))) , (const_assignment (variable question) = (const_expr (expr (literal 0))))))) \n) 
  (line (block_statement (statement (const_statement const (const_assignment (variable x) = (const_expr (expr (literal - 2.0))))))) \n) <EOF>)
