(program 
  (statement 
    (const_statement const 
      (const_assignment answer = 
        (const_expr 
          (expr 
            (literal 42)))) , 
      (const_assignment question = 
        (const_expr 
          (expr 
            (literal 0)))))) \n 
  (statement 
    (const_statement const 
      (const_assignment x = 
        (const_expr 
          (expr - 
            (expr 
              (literal 2.0))))))) \n <EOF>)
