(program 
  (declare_statement declare sub foo) \n 
  (declare_statement declare sub foo2 
    ( 
      (parameter_list 
        (parameter x as 
          (type_name_for_parameter_list string)) , 
        (parameter 
          (variable y $)) , 
        (parameter 
          (variable z %))) )) \n 
  (declare_statement declare function 
    (variable bar %) 
    ( 
      (parameter_list 
        (parameter 
          (variable y %))) )) \n 
  (declare_statement declare function 
    (variable baz) 
    ( )) \n statement <EOF>)
