(program statement 
  (declare_statement declare sub foo) \n statement 
  (declare_statement declare sub foo2 
    ( 
      (parameter_list 
        (parameter x as 
          (type_name_for_parameter_list string)) , 
        (parameter 
          (typed_id y $)) , 
        (parameter 
          (typed_id z %))) )) \n statement 
  (declare_statement declare function 
    (typed_id bar %) 
    ( 
      (parameter_list 
        (parameter 
          (typed_id y %))) )) \n statement 
  (declare_statement declare function 
    (typed_id baz) 
    ( )) \n statement 
  (declare_statement declare sub a) : statement 
  (declare_statement declare sub b) \n statement <EOF>)
