(program 
  (statement 
    (def_seg_statement DEF SEG = 
      (expr 
        (literal 0)))) \n 
  (statement 
    (assignment_statement 
      (variable_or_function_call Status%) = 
      (expr 
        (variable_or_function_call PEEK 
          (args_or_indices 
            ( 
              (expr 
                (literal &H417)) )))))) \n 
  (statement 
    (call_statement 
      (untyped_id POKE) 
      (call_argument_list 
        (call_argument 
          (expr 
            (literal &H417))) , 
        (call_argument 
          (expr 
            ( 
              (expr 
                (expr 
                  (variable_or_function_call Status%)) XOR 
                (expr 
                  (literal &H40))) )))))) \n)
