(program 
  (statement 
    (const_statement CONST 
      (const_assignment NO = 
        (const_expr 
          (expr 
            (literal 0)))) , 
      (const_assignment YES = 
        (const_expr 
          (expr NOT 
            (expr 
              (variable_or_function_call NO))))))) \n statement 
  (def_fn_statement DEF FNIsThereAZ 
    ( 
      (def_fn_parameter_list 
        (def_fn_parameter A$)) ) 
    (block \n 
      (statement 
        (scope_statement STATIC 
          (scope_variable I))) \n 
      (statement 
        (for_next_statement FOR I = 
          (expr 
            (literal 1)) TO 
          (expr 
            (builtin_function LEN 
              ( 
                (expr 
                  (variable_or_function_call A$)) ))) 
          (block \n 
            (if_block_statement IF 
              (expr 
                (expr 
                  (variable_or_function_call UCASE$ 
                    (args_or_indices 
                      ( 
                        (expr 
                          (builtin_function MID$ 
                            ( 
                              (expr 
                                (variable_or_function_call A$)) , 
                              (expr 
                                (variable_or_function_call I)) , 
                              (expr 
                                (literal 1)) ))) )))) = 
                (expr 
                  (literal "Z"))) THEN \n 
              (then_block 
                (statement 
                  (assignment_statement FNIsThereAZ = 
                    (expr 
                      (variable_or_function_call YES)))) \n 
                (statement 
                  (exit_statement EXIT DEF)) \n) 
              (end_if_statement END IF)) \n statement) NEXT I)) \n 
      (statement 
        (assignment_statement FNIsThereAZ = 
          (expr 
            (variable_or_function_call NO)))) \n statement) END DEF) \n)
