(program statement 
  (def_fn_statement def fnfoo = 
    (expr 
      (literal 1))) \n statement 
  (def_fn_statement def fn bar = 
    (expr 
      (literal 1))) \n statement 
  (def_fn_statement def fnbaz 
    (def_fn_body_block \n 
      (def_fn_body_statement 
        (def_fn_assignment_statement fnbaz = 
          (expr 
            (literal 4)))) \n 
      (def_fn_body_statement statement)) end def) \n statement 
  (def_fn_statement def fna 
    (def_fn_body_block : 
      (def_fn_body_statement 
        (def_fn_assignment_statement fna = 
          (expr 
            (literal 1)))) :) end def) : statement 
  (def_fn_statement def fnb = 
    (expr 
      (literal 2))) : statement 
  (def_fn_statement def fnc 
    (def_fn_body_block : 
      (def_fn_body_statement 
        (def_fn_assignment_statement fnc = 
          (expr 
            (literal 5)))) :) end def) \n statement 
  (def_fn_statement def fnlet 
    (def_fn_body_block \n 
      (def_fn_body_statement 
        (def_fn_assignment_statement let fnlet = 
          (expr 
            (literal 42)))) \n 
      (def_fn_body_statement statement)) end def) \n statement 
  (def_fn_statement def fnexit 
    (def_fn_body_block \n 
      (def_fn_body_statement exit def) \n 
      (def_fn_body_statement statement)) end def) \n statement 
  (def_fn_statement def fnq 
    ( 
      (def_fn_parameter_list 
        (def_fn_parameter 
          (variable a %)) , 
        (def_fn_parameter 
          (variable b %))) ) 
    (def_fn_body_block \n 
      (def_fn_body_statement statement)) end def) \n statement 
  (def_fn_statement def fnq 
    ( 
      (def_fn_parameter_list 
        (def_fn_parameter 
          (variable a %)) , 
        (def_fn_parameter b as 
          (type_name_for_def_fn_parameter_list string)) , 
        (def_fn_parameter c as 
          (type_name_for_def_fn_parameter_list double))) ) 
    (def_fn_body_block \n 
      (def_fn_body_statement statement)) end def) \n statement 
  (def_fn_statement def fnz 
    ( ) 
    (def_fn_body_block :) end def) \n statement <EOF>)
