(program 
  (statement 
    (deftype_statement defint 
      (letter_range a - z))) \n 
  (statement 
    (deftype_statement deflng 
      (letter_range a - z))) \n 
  (statement 
    (deftype_statement defsng 
      (letter_range a - z))) \n 
  (statement 
    (deftype_statement defstr 
      (letter_range a - z))) \n 
  (statement 
    (deftype_statement defdbl 
      (letter_range a - z))) \n 
  (statement 
    (deftype_statement defint 
      (letter_range a) , 
      (letter_range b - c))) \n 
  (statement 
    (deftype_statement defstr 
      (letter_range s) , 
      (letter_range x - z) , 
      (letter_range a - b))) \n 
  (statement 
    (deftype_statement defdbl 
      (letter_range bar - foo))) \n 
  (statement 
    (deftype_statement defsng 
      (letter_range foo - bar) , 
      (letter_range baz) , 
      (letter_range quux))) \n 
  (statement 
    (deftype_statement defint 
      (letter_range a% - z$))) \n 
  (statement 
    (deftype_statement defint 
      (letter_range fna - fnz))) \n 
  (statement 
    (deftype_statement defint 
      (letter_range fna - z$))) \n)
