(program 
  (statement 
    (deftype_statement defint 
      (letter_range 
        (typed_id a) - 
        (typed_id z)))) \n 
  (statement 
    (deftype_statement deflng 
      (letter_range 
        (typed_id a) - 
        (typed_id z)))) \n 
  (statement 
    (deftype_statement defsng 
      (letter_range 
        (typed_id a) - 
        (typed_id z)))) \n 
  (statement 
    (deftype_statement defstr 
      (letter_range 
        (typed_id a) - 
        (typed_id z)))) \n 
  (statement 
    (deftype_statement defdbl 
      (letter_range 
        (typed_id a) - 
        (typed_id z)))) \n 
  (statement 
    (deftype_statement defint 
      (letter_range 
        (typed_id a)) , 
      (letter_range 
        (typed_id b) - 
        (typed_id c)))) \n 
  (statement 
    (deftype_statement defstr 
      (letter_range 
        (typed_id s)) , 
      (letter_range 
        (typed_id x) - 
        (typed_id z)) , 
      (letter_range 
        (typed_id a) - 
        (typed_id b)))) \n 
  (statement 
    (deftype_statement defdbl 
      (letter_range 
        (typed_id bar) - 
        (typed_id foo)))) \n 
  (statement 
    (deftype_statement defsng 
      (letter_range 
        (typed_id foo) - 
        (typed_id bar)) , 
      (letter_range 
        (typed_id baz)) , 
      (letter_range 
        (typed_id quux)))) \n 
  (statement 
    (deftype_statement defint 
      (letter_range 
        (typed_id a %) - 
        (typed_id z $)))) \n 
  (statement 
    (deftype_statement defint 
      (letter_range 
        (typed_fnid fna) - 
        (typed_fnid fnz)))) \n 
  (statement 
    (deftype_statement defint 
      (letter_range 
        (typed_fnid fna) - 
        (typed_id z $)))) \n)
