(program 
  (statement 
    (dim_statement dim 
      (dim_variable 
        (typed_id sigil $)))) \n 
  (statement 
    (dim_statement redim shared 
      (dim_variable 
        (typed_id ssh %)))) \n 
  (statement 
    (dim_statement dim 
      (dim_variable s as 
        (type_name string)))) \n 
  (statement 
    (dim_statement dim shared 
      (dim_variable foo as 
        (type_name 
          (fixed_string string * 42))))) \n 
  (statement 
    (dim_statement redim 
      (dim_variable q as 
        (type_name double)))) \n 
  (statement 
    (dim_statement dim 
      (dim_variable x as 
        (type_name single)))) \n 
  (statement 
    (dim_statement dim 
      (dim_variable lo as 
        (type_name long)))) \n 
  (statement 
    (dim_statement dim 
      (dim_variable bar as 
        (type_name sometype)))) \n 
  (statement 
    (dim_statement dim 
      (dim_variable the.thing as 
        (type_name integer)))) \n 
  (statement 
    (dim_statement redim shared 
      (dim_variable q2 as 
        (type_name single)))) \n 
  (statement 
    (dim_statement dim 
      (dim_variable 
        (typed_id foo $)) , 
      (dim_variable 
        (typed_id bar %)) , 
      (dim_variable baz as 
        (type_name long)) , 
      (dim_variable 
        (typed_id quux !)))) \n 
  (statement 
    (dim_statement dim 
      (dim_variable 
        (typed_id a)) , 
      (dim_variable 
        (typed_id b)) , 
      (dim_variable 
        (typed_id c)))) \n 
  (statement 
    (dim_statement dim 
      (dim_variable 
        (typed_id arq $) 
        (dim_array_bounds 
          ( 
            (dim_subscript 
              (expr 
                (literal 40))) ))))) \n 
  (statement 
    (dim_statement dim 
      (dim_variable 
        (typed_id ar) 
        (dim_array_bounds 
          ( 
            (dim_subscript 
              (expr - 
                (expr 
                  (literal 2))) to 
              (expr - 
                (expr 
                  (literal 1)))) ))))) \n 
  (statement 
    (dim_statement dim 
      (dim_variable 
        (typed_id arz) 
        (dim_array_bounds 
          ( 
            (dim_subscript 
              (expr 
                (literal 0))) ))))) \n 
  (statement 
    (dim_statement dim 
      (dim_variable 
        (typed_id boo) 
        (dim_array_bounds 
          ( 
            (dim_subscript 
              (expr 
                (typed_id k %))) ))))) \n 
  (statement 
    (dim_statement dim 
      (dim_variable 
        (typed_id multi) 
        (dim_array_bounds 
          ( 
            (dim_subscript 
              (expr 
                (typed_id xxx))) , 
            (dim_subscript 
              (expr 
                (literal 0)) to 
              (expr 
                (literal 20))) , 
            (dim_subscript 
              (expr 
                (literal 30)) to 
              (expr 
                (literal 35))) , 
            (dim_subscript 
              (expr 
                (typed_id yyy))) ))) , 
      (dim_variable wowzas 
        (dim_array_bounds 
          ( 
            (dim_subscript 
              (expr 
                (typed_id hi))) , 
            (dim_subscript 
              (expr - 
                (expr 
                  (literal 5))) to 
              (expr 
                (literal 30))) )) as 
        (type_name string)))) \n 
  (statement 
    (dim_statement dim 
      (dim_variable foo as 
        (type_name 
          (fixed_string string * 
            (typed_id maxsize %)))))) \n)
