(program 
  (statement 
    (do_loop_statement do 
      (block \n 
        (statement 
          (exit_statement exit do)) \n statement) loop)) \n 
  (statement 
    (for_next_statement for 
      (typed_id i) = 
      (expr 
        (literal 1)) to 
      (expr 
        (literal 10)) 
      (block \n 
        (if_block_statement if 
          (expr 
            (expr 
              (typed_id i)) = 
            (expr 
              (literal 5))) then \n 
          (then_block 
            (statement 
              (exit_statement exit for)) \n) 
          (end_if_statement end if)) \n statement) next 
      (typed_id i))) \n 
  (sub_statement sub blah 
    (block \n 
      (statement 
        (exit_statement exit sub)) \n statement) 
    (end_sub_statement end sub)) \n 
  (function_statement function 
    (typed_id ok) 
    (block \n 
      (statement 
        (exit_statement exit function)) \n statement) 
    (end_function_statement end function)) \n statement 
  (def_fn_statement def fnfoo 
    (block \n 
      (statement 
        (exit_statement exit def)) \n statement) end def) \n)
