(program 
  (statement 
    (for_next_statement 
      (for_assignment for 
        (variable i) = 
        (expr 
          (literal 1)) to 
        (expr 
          (literal 20))) 
      (for_body_block \n 
        (for_body_statement 
          (statement 
            (print_statement print 
              (print_args 
                (expr 
                  (literal "hi")))))) \n 
        (for_body_statement statement)) next 
      (variable i))) \n 
  (statement 
    (for_next_statement 
      (for_assignment for 
        (variable i) = 
        (expr 
          (literal 10)) to 
        (expr 
          (literal 1)) step 
        (expr - 
          (expr 
            (literal 1)))) 
      (for_body_block \n 
        (for_body_statement statement)) next)) \n 
  (statement 
    (for_next_statement 
      (for_assignment for 
        (variable a) = 
        (expr 
          (literal 1)) to 
        (expr 
          (literal 5))) 
      (for_body_block \n 
        (for_body_statement 
          (statement 
            (for_next_statement 
              (for_assignment for 
                (variable b) = 
                (expr 
                  (literal 1)) to 
                (expr 
                  (literal 5))) 
              (for_body_block \n 
                (for_body_statement statement)) next 
              (variable b)))) \n 
        (for_body_statement statement)) next 
      (variable a))) \n statement \n statement \n statement \n 
  (statement 
    (print_statement print 
      (print_args 
        (expr 
          (literal "hi"))))) : 
  (statement 
    (for_next_statement 
      (for_assignment for 
        (variable i) = 
        (expr 
          (literal 1)) to 
        (expr 
          (literal 2))) 
      (for_body_block : 
        (for_body_statement 
          (statement 
            (print_statement print 
              (print_args 
                (expr 
                  (literal "hi")))))) \n 
        (for_body_statement 
          (statement 
            (print_statement print 
              (print_args 
                (expr 
                  (literal "foo")))))) : 
        (for_body_statement statement)) next)) \n 
  (statement 
    (for_next_statement 
      (for_assignment for 
        (variable i) = 
        (expr 
          (literal 1)) to 
        (expr 
          (literal 10))) 
      (for_body_block : 
        (for_body_statement 
          (statement 
            (for_next_statement 
              (for_assignment for 
                (variable j) = 
                (expr 
                  (literal 1)) to 
                (expr 
                  (literal 10))) 
              (for_body_block : 
                (for_body_statement 
                  (statement 
                    (print_statement print 
                      (print_args 
                        (expr 
                          (variable i)) , 
                        (print_args 
                          (expr 
                            (variable j))))))) :) next 
              (variable j)))) :) next 
      (variable i))) \n statement <EOF>)
