(program 
  (function_block function 
    (variable x) 
    (function_body_block \n 
      (function_body_statement statement)) 
    (end_function_statement end function)) \n 
  (function_block function 
    (variable y $) 
    (function_body_block :) 
    (end_function_statement end function)) \n 
  (function_block function 
    (variable z %) 
    ( 
      (parameter_list 
        (parameter foo as 
          (type_name_for_parameter_list string)) , 
        (parameter 
          (variable bar $))) ) static 
    (function_body_block \n 
      (function_body_statement 
        (statement 
          (print_statement print 
            (print_args 
              (expr 
                (literal "ok")))))) : 
      (function_body_statement statement)) 
    (end_function_statement end function : 
      (statement 
        (print_statement print 
          (print_args 
            (expr 
              (literal "ignored"))))))) \n 
  (function_block function 
    (variable ParseLine) 
    ( 
      (parameter_list 
        (parameter 
          (variable Keywords $) 
          (parameter_array_bounds 
            ( ))) , 
        (parameter 
          (variable KeywordTypes) 
          (parameter_array_bounds 
            ( )))) ) 
    (function_body_block \n 
      (function_body_statement statement)) 
    (end_function_statement end function)) \n 
  (function_block function 
    (variable hooray) 
    (function_body_block : 
      (function_body_statement 
        (statement 
          (print_statement print 
            (print_args 
              (expr 
                (literal "hi")))))) \n 
      (function_body_statement 
        (statement 
          (print_statement print 
            (print_args 
              (expr 
                (literal "stuff")))))) : 
      (function_body_statement statement)) 
    (end_function_statement end function)) \n 
  (function_block function 
    (variable empty) 
    ( ) 
    (function_body_block :) 
    (end_function_statement end function)) \n statement <EOF>)
