(program 
  (function_statement function 
    (typed_id x) 
    (block \n statement) 
    (end_function_statement end function)) \n 
  (function_statement function 
    (typed_id y $) 
    (block :) 
    (end_function_statement end function)) \n 
  (function_statement function 
    (typed_id z %) 
    ( 
      (parameter_list 
        (parameter foo as 
          (type_name_for_parameter_list string)) , 
        (parameter 
          (typed_id bar $))) ) static 
    (block \n 
      (statement 
        (print_statement print 
          (print_args 
            (expr 
              (literal "ok"))))) : statement) 
    (end_function_statement end function : 
      (statement 
        (print_statement print 
          (print_args 
            (expr 
              (literal "ignored"))))))) \n 
  (function_statement function 
    (typed_id ParseLine) 
    ( 
      (parameter_list 
        (parameter 
          (typed_id Keywords $) 
          (parameter_array_bounds 
            ( ))) , 
        (parameter 
          (typed_id KeywordTypes) 
          (parameter_array_bounds 
            ( )))) ) 
    (block \n statement) 
    (end_function_statement end function)) \n 
  (function_statement function 
    (typed_id hooray) 
    (block : 
      (statement 
        (print_statement print 
          (print_args 
            (expr 
              (literal "hi"))))) \n 
      (statement 
        (print_statement print 
          (print_args 
            (expr 
              (literal "stuff"))))) : statement) 
    (end_function_statement end function)) \n 
  (function_statement function 
    (typed_id empty) 
    ( ) 
    (block :) 
    (end_function_statement end function)) \n statement <EOF>)
