(program 
  (statement 
    (gosub_statement gosub 
      (target 
        (line_number 1000)))) \n 
  (label 
    (line_number 1000)) 
  (statement 
    (return_statement return 
      (target 
        (line_number 20)))) \n 
  (label 
    (line_number 20)) 
  (statement 
    (gosub_statement gosub 
      (target 
        (text_label 
          (untyped_id foo))))) \n 
  (statement 
    (end_statement end)) \n 
  (label 
    (text_label 
      (untyped_id foo)) :) 
  (statement 
    (return_statement return)) \n <EOF>)
