(program 
  (statement 
    (gosub_statement gosub 
      (target 
        (line_number 1000)))) \n 
  (label 
    (line_number 1000)) 
  (statement 
    (return_statement return 
      (line_number 20))) \n 
  (label 
    (line_number 20)) 
  (statement 
    (gosub_statement gosub 
      (target 
        (text_label foo)))) \n 
  (statement 
    (end_statement end)) \n 
  (label 
    (text_label foo) :) 
  (statement 
    (return_statement return)) \n)
