(program 
  (line (block_statement (statement (if_inline_statement if (expr (variable TRUE)) then (if_inline_action (line_number 10)) else (if_inline_action (line_number 20))))) \n) 
  (line (block_statement (statement (if_inline_statement if (expr (literal 0)) then (if_inline_action (statement (if_inline_statement if (expr (literal 1)) then (if_inline_action (statement (print_statement print (print_args (expr (literal "hi"))))) : (statement (goto_statement goto (line_number 5)))) else (if_inline_action (line_number 30)))))))) \n) 
  (line (block_statement (if_block_statement if (expr (variable foo)) then \n 
  (line (block_statement (if_block_statement if (expr (variable bar)) then \n 
  (line (block_statement (statement (print_statement print (print_args (expr (literal "hi")))))) \n) end if)) \n) elseif (expr (variable baz)) then \n 
  (line (block_statement (statement (print_statement print (print_args (expr (literal "yo")))))) \n) else \n 
  (line (block_statement (statement (print_statement print (print_args (expr (literal 42)))))) \n) end if)) \n) <EOF>)
