(program 
  (statement 
    (if_inline_statement if 
      (expr 
        (typed_id TRUE)) then 
      (if_inline_action 
        (line_number 10)) else 
      (if_inline_action 
        (line_number 20)))) \n 
  (statement 
    (if_inline_statement if 
      (expr 
        (literal 0)) then 
      (if_inline_action 
        (statement 
          (if_inline_statement if 
            (expr 
              (literal 1)) then 
            (if_inline_action 
              (statement 
                (print_statement print 
                  (print_args 
                    (expr 
                      (literal "hi"))))) : 
              (statement 
                (goto_statement goto 
                  (line_number 5)))) else 
            (if_inline_action 
              (line_number 30))))))) \n 
  (if_block if 
    (expr 
      (typed_id foo)) then \n 
    (if_body_block 
      (if_block if 
        (expr 
          (typed_id bar)) then \n 
        (if_body_block 
          (statement 
            (print_statement print 
              (print_args 
                (expr 
                  (literal "hi"))))) \n) 
        (end_if_statement end if)) \n) 
    (elseif_block elseif 
      (expr 
        (typed_id baz)) then 
      (midline_if_body_block statement \n 
        (statement 
          (print_statement print 
            (print_args 
              (expr 
                (literal "yo"))))) \n)) 
    (else_block else 
      (midline_if_body_block statement \n 
        (statement 
          (print_statement print 
            (print_args 
              (expr 
                (literal 42))))) \n)) 
    (end_if_statement end if)) \n 
  (if_block if 
    (expr 
      (typed_id foo)) then \n if_body_block 
    (elseif_block elseif 
      (expr 
        (typed_id bar)) then 
      (midline_if_body_block 
        (statement 
          (print_statement print 
            (print_args 
              (expr 
                (literal "yes"))))) \n 
        (statement 
          (print_statement print 
            (print_args 
              (expr 
                (literal "more"))))) \n)) 
    (end_if_statement end if)) \n 
  (label 
    (line_number 10)) 
  (if_block if 
    (expr 
      (typed_id foo)) then \n 
    (if_body_block 
      (label 
        (line_number 20)) statement \n) 
    (elseif_block 
      (label 
        (line_number 30)) elseif 
      (expr 
        (typed_id bar)) then 
      (midline_if_body_block statement : 
        (statement 
          (print_statement print 
            (print_args 
              (expr 
                (literal "ok"))))) \n 
        (label 
          (line_number 40)) 
        (statement 
          (print_statement print 
            (print_args 
              (expr 
                (literal "yes ok"))))) \n)) 
    (else_block 
      (label 
        (line_number 50)) else 
      (midline_if_body_block 
        (statement 
          (print_statement print 
            (print_args 
              (expr 
                (literal "baz"))))) : 
        (statement 
          (print_statement print 
            (print_args 
              (expr 
                (literal "quux"))))) \n)) 
    (end_if_statement 
      (label 
        (line_number 60)) end if)) : 
  (statement 
    (print_statement print 
      (print_args 
        (expr 
          (literal "ok"))))) \n statement <EOF>)
