(program statement \n statement \n statement \n 
  (statement 
    (deftype_statement DEFINT 
      (letter_range A - Z))) \n 
  (statement 
    (call_statement 
      (untyped_id CLS))) \n 
  (statement 
    (open_statement OPEN 
      (expr 
        (literal "class.dat")) FOR 
      (open_mode INPUT) AS # 
      (expr 
        (literal 1)))) \n statement \n 
  (statement 
    (do_loop_statement DO 
      (do_condition WHILE 
        (expr NOT 
          (expr 
            (variable_or_function_call EOF 
              (args_or_indices 
                ( 
                  (expr 
                    (literal 1)) )))))) 
      (block \n 
        (statement 
          (assignment_statement 
            (variable_or_function_call Count) = 
            (expr 
              (expr 
                (variable_or_function_call Count)) + 
              (expr 
                (literal 1))))) \n 
        (statement 
          (input_statement INPUT 
            (file_number # 
              (expr 
                (literal 1))) , 
            (variable_or_function_call Score))) \n 
        (statement 
          (assignment_statement 
            (variable_or_function_call Total) = 
            (expr 
              (expr 
                (variable_or_function_call Total)) + 
              (expr 
                (variable_or_function_call Score))))) \n 
        (statement 
          (print_statement PRINT 
            (expr 
              (variable_or_function_call Count)) ; 
            (expr 
              (variable_or_function_call Score)))) \n statement) LOOP)) \n 
  (statement 
    (print_statement PRINT)) \n 
  (statement 
    (print_statement PRINT 
      (expr 
        (literal "Total students:")) ; 
      (expr 
        (variable_or_function_call Count)) ; 
      (expr 
        (literal " Average score:")) ; 
      (expr 
        (expr 
          (variable_or_function_call Total)) / 
        (expr 
          (variable_or_function_call Count))))) \n)
