(program 
  (line (text_label Hello) : statement \n) 
  (line (line_number 20) statement \n) 
  (line (statement (goto_statement goto (line_number 30))) \n) 
  (line (line_number 10) (statement (goto_statement goto (line_number 20))) \n) 
  (line (text_label label) : (statement (goto_statement goto (line_number 10))) \n) 
  (line (text_label foo) : (statement (goto_statement goto (line_number 10))) : (statement (goto_statement goto (line_number 20))) \n) 
  (line (text_label bar) : statement : statement : (statement (goto_statement goto (line_number 40))) \n) 
  (line (text_label Periods.Are.Cool) : (statement (goto_statement goto (line_number 2))) \n) 
  (line (text_label blanks.ok) : (statement (goto_statement goto (line_number 20))) \n) <EOF>)
