(program (label (text_label Hello) :) statement \n (label (line_number 20)) statement \n 
    (statement (goto_statement goto (line_number 30))) \n (label (line_number 10)) 
    (statement (goto_statement goto (line_number 20))) \n (label (text_label label) :) 
    (statement (goto_statement goto (line_number 10))) \n (label (text_label foo) :) 
    (statement (goto_statement goto (line_number 10))) : 
    (statement (goto_statement goto (line_number 20))) \n (label (text_label bar) :) statement : statement : 
    (statement (goto_statement goto (line_number 40))) \n (label (text_label Periods.Are.Cool) :) 
    (statement (goto_statement goto (line_number 2))) \n (label (text_label blanks.ok) :) 
    (statement (goto_statement goto (line_number 20))) \n statement <EOF>)
