(program 
  (line (text_label Hello) : (block_statement statement) \n) 
  (line (line_number 20) (block_statement statement) \n) 
  (line (block_statement (statement (goto_statement goto (line_number 30)))) \n) 
  (line (line_number 10) (block_statement (statement (goto_statement goto (line_number 20)))) \n) 
  (line (text_label label) : (block_statement (statement (goto_statement goto (line_number 10)))) \n) 
  (line (text_label foo) : (block_statement (statement (goto_statement goto (line_number 10)))) : (statement (goto_statement goto (line_number 20))) \n) 
  (line (text_label bar) : (block_statement statement) : statement : (statement (goto_statement goto (line_number 40))) \n) 
  (line (text_label Periods.Are.Cool) : (block_statement (statement (goto_statement goto (line_number 2)))) \n) 
  (line (text_label blanks.ok) : (block_statement (statement (goto_statement goto (line_number 20)))) \n) <EOF>)
