(program 
  (statement 
    (line_input_statement line input 
      (variable_or_function_call foo$))) \n 
  (statement 
    (line_input_statement line input "line>" ; 
      (variable_or_function_call line$))) \n 
  (statement 
    (line_input_statement line input ; 
      (variable_or_function_call line2$))) \n 
  (statement 
    (line_input_statement line input 
      (file_number # 
        (expr 
          (literal 1))) , 
      (variable_or_function_call bar$))) \n)
