(program 
  (line (statement (do_loop_statement do \n (loop_condition_line (statement (while_wend_statement while (expr (literal 1)) \n (wend_line wend))) : loop))) \n) 
  (line (statement (while_wend_statement while (expr (variable true)) \n 
  (line (statement (do_loop_statement do \n (loop_condition_line loop))) \n) (wend_line wend))) \n) <EOF>)
