(program 
  (statement 
    (do_loop_statement do 
      (block \n 
        (statement 
          (while_wend_statement while 
            (expr 
              (literal 1)) 
            (block \n statement) wend)) : statement) loop)) \n 
  (statement 
    (while_wend_statement while 
      (expr 
        (variable_or_function_call true)) 
      (block \n 
        (statement 
          (do_loop_statement do 
            (block \n statement) loop)) \n statement) wend)) \n)
