(program 
  (statement 
    (lprint_statement lprint)) \n 
  (statement 
    (lprint_statement lprint 
      (expr 
        (literal 3)))) \n 
  (statement 
    (lprint_statement lprint 
      (expr 
        (literal 1)) , 
      (expr 
        (literal 2)) ; 
      (expr 
        (literal 3)) , 
      (expr 
        (literal 4)) ; 
      (expr 
        (literal 5)) , 
      (expr 
        (literal 6)) ,)) \n 
  (statement 
    (lprint_statement lprint 
      (expr 
        (literal 1)) ;)) \n 
  (statement 
    (lprint_statement lprint 
      (expr 
        (literal 2)) ,)) \n 
  (statement 
    (lprint_statement lprint 
      (expr 
        (literal "hi")))) \n 
  (statement 
    (lprint_statement lprint 
      (expr 
        (literal "baz")))) \n 
  (statement 
    (lprint_statement lprint 
      (expr 
        (literal "baz")))) \n 
  (statement 
    (lprint_statement lprint ,)) \n 
  (statement 
    (lprint_statement lprint , ,)) \n 
  (statement 
    (lprint_statement lprint ;)) \n 
  (statement 
    (lprint_using_statement lprint using 
      (expr 
        (literal "#.#")) ; 
      (expr 
        (literal 1)) ; 
      (expr 
        (literal 1)) ; 
      (expr 
        (literal 3)))) \n 
  (statement 
    (lprint_using_statement lprint using 
      (expr 
        (literal "#.#")) ; 
      (expr 
        (literal 1)) , 
      (expr 
        (literal 1)) , 
      (expr 
        (literal 3)))) \n 
  (statement 
    (lprint_using_statement lprint using 
      (expr 
        (variable_or_function_call s$)) ; 
      (expr 
        (literal 1)) ; 
      (expr 
        (literal 1)) ; 
      (expr 
        (literal 3)) ;)) \n 
  (statement 
    (lprint_using_statement lprint using 
      (expr 
        (expr 
          (literal "#")) + 
        (expr 
          (literal ".#"))) ; 
      (expr 
        (literal 3.14)))) \n 
  (statement 
    (lprint_using_statement lprint using 
      (expr 
        (literal "#.##")) ;)) \n)
