(program statement \n statement \n statement \n statement \n 
  (statement 
    (rem_statement rem)) \n 
  (statement 
    (print_statement print 
      (expr 
        (literal "hi")))) \n 
  (statement 
    (print_statement print 
      (expr 
        (literal "hi")))) : 
  (statement 
    (rem_statement rem)) \n statement \n statement \n statement \n statement \n 
  (statement 
    (rem_statement rem)) \n 
  (statement 
    (print_statement print 
      (expr 
        (literal "hi")))) \n 
  (statement 
    (print_statement print 
      (expr 
        (literal "hi")))) : 
  (statement 
    (rem_statement rem)) \n <EOF>)
