(program 
  (statement 
    (assignment_statement 
      (variable intmin %) = 
      (expr 
        (literal - 32768)))) \n 
  (statement 
    (assignment_statement 
      (variable intmax %) = 
      (expr 
        (literal 32767)))) \n 
  (statement 
    (assignment_statement 
      (variable hexmin %) = 
      (expr 
        (literal &h0)))) \n 
  (statement 
    (assignment_statement 
      (variable hexmax %) = 
      (expr 
        (literal &hffff)))) \n 
  (statement 
    (assignment_statement 
      (variable octmin %) = 
      (expr 
        (literal &o0)))) \n 
  (statement 
    (assignment_statement 
      (variable octmax %) = 
      (expr 
        (literal &o177777)))) \n 
  (statement 
    (assignment_statement 
      (variable longmin) = 
      (expr 
        (literal - 2147483648)))) \n 
  (statement 
    (assignment_statement 
      (variable longmax &) = 
      (expr 
        (literal 2147483647)))) \n 
  (statement 
    (assignment_statement 
      (variable longhexmin &) = 
      (expr 
        (literal &h0 &)))) \n 
  (statement 
    (assignment_statement 
      (variable longhexmin &) = 
      (expr 
        (literal &hffffffff &)))) \n 
  (statement 
    (assignment_statement 
      (variable longoctmin &) = 
      (expr 
        (literal &o0 &)))) \n 
  (statement 
    (assignment_statement 
      (variable longoctmax &) = 
      (expr 
        (literal &o37777777777 &)))) \n 
  (statement 
    (assignment_statement 
      (variable floatmin) = 
      (expr 
        (literal - 3.37E+38)))) \n 
  (statement 
    (assignment_statement 
      (variable floatmax !) = 
      (expr 
        (literal 3.37E+38)))) \n 
  (statement 
    (assignment_statement 
      (variable floatwithe !) = 
      (expr 
        (literal 1.5e2)))) \n 
  (statement 
    (assignment_statement 
      (variable floatwithsigil !) = 
      (expr 
        (literal 1.5!)))) \n 
  (statement 
    (assignment_statement 
      (variable floatsmall !) = 
      (expr 
        (literal 1.234567)))) \n 
  (statement 
    (assignment_statement 
      (variable floatbigint !) = 
      (expr 
        (literal 2147483648)))) \n 
  (statement 
    (assignment_statement 
      (variable doublemin) = 
      (expr 
        (literal - 1.67D+308)))) \n 
  (statement 
    (assignment_statement 
      (variable doublemax #) = 
      (expr 
        (literal 1.67D+308)))) \n 
  (statement 
    (assignment_statement 
      (variable doublewithd #) = 
      (expr 
        (literal 1.5d2)))) \n 
  (statement 
    (assignment_statement 
      (variable doublewithsigil #) = 
      (expr 
        (literal 1.5#)))) \n 
  (statement 
    (assignment_statement 
      (variable doubletoobig #) = 
      (expr 
        (literal 1.2345678)))) \n statement <EOF>)
