(program statement \n 
  (statement 
    (const_statement CONST 
      (const_assignment 
        (typed_id ESC) = 
        (const_expr 
          (expr 
            (literal 27)))))) \n 
  (statement 
    (key_statement KEY 
      (expr 
        (literal 15)) , 
      (expr 
        (expr 
          (typed_id CHR $) 
          (args_or_indices 
            ( 
              (expr 
                (literal &H4)) ))) + 
        (expr 
          (typed_id CHR $) 
          (args_or_indices 
            ( 
              (expr 
                (literal &H1F)) )))))) \n 
  (statement 
    (on_event_gosub_statement ON KEY 
      ( 
        (expr 
          (literal 15)) ) GOSUB 
      (target 
        (text_label PauseHandler)))) \n 
  (statement 
    (event_control_statement KEY 
      ( 
        (expr 
          (literal 15)) ) ON)) \n 
  (statement 
    (while_wend_statement WHILE 
      (expr 
        (expr 
          (typed_id INKEY $)) <> 
        (expr 
          (typed_id CHR $) 
          (args_or_indices 
            ( 
              (expr 
                (typed_id ESC)) )))) 
      (block \n 
        (statement 
          (print_statement PRINT 
            (print_args 
              (expr 
                (literal "Press Esc to stop, Ctrl+S to pause."))))) \n 
        (statement 
          (print_statement PRINT print_args)) \n statement) WEND)) \n 
  (statement 
    (end_statement END)) \n statement \n 
  (label 
    (text_label PauseHandler) :) statement \n 
  (statement 
    (call_statement SLEEP 
      (call_argument_list 
        (call_argument 
          (expr 
            (literal 1)))))) \n 
  (statement 
    (return_statement RETURN)) \n)
