(program statement \n 
  (statement 
    (on_event_gosub_statement ON PEN GOSUB 
      (target 
        (text_label 
          (untyped_id Handler))))) \n 
  (statement 
    (event_control_statement PEN ON)) \n 
  (statement 
    (print_statement PRINT 
      (expr 
        (literal "Press Esc to exit.")))) \n 
  (statement 
    (do_loop_statement DO 
      (do_condition UNTIL 
        (expr 
          (expr 
            (variable_or_function_call INKEY$)) = 
          (expr 
            (variable_or_function_call CHR$ 
              (args_or_indices 
                ( 
                  (expr 
                    (literal 27)) )))))) 
      (block :) LOOP)) \n 
  (statement 
    (end_statement END)) \n statement \n 
  (label 
    (text_label 
      (untyped_id Handler)) :) statement \n 
  (statement 
    (print_statement PRINT 
      (expr 
        (literal "Pen is at row")) ; 
      (expr 
        (builtin_function PEN 
          ( 
            (expr 
              (literal 6)) ))) ; 
      (expr 
        (literal ", column")) ; 
      (expr 
        (builtin_function PEN 
          ( 
            (expr 
              (literal 7)) ))))) \n 
  (statement 
    (return_statement RETURN)) \n <EOF>)
