(program 
  (statement 
    (on_event_gosub_statement ON TIMER 
      ( 
        (expr 
          (literal 1)) ) GOSUB 
      (target 
        (text_label TimeUpdate)))) \n 
  (statement 
    (event_control_statement TIMER ON)) \n 
  (statement 
    (call_statement CLS)) \n 
  (statement 
    (print_statement PRINT 
      (print_args 
        (expr 
          (literal "Time: ")) ; 
        (print_args 
          (expr 
            (typed_id TIME $)))))) \n 
  (statement 
    (assignment_statement 
      (typed_id StartTime) = 
      (expr 
        (builtin_function TIMER)))) \n 
  (statement 
    (while_wend_statement WHILE 
      (expr 
        (expr 
          (typed_id TimePast)) < 
        (expr 
          (literal 10))) 
      (block \n 
        (statement 
          (assignment_statement 
            (typed_id TimePast) = 
            (expr 
              (expr 
                (builtin_function TIMER)) - 
              (expr 
                (typed_id StartTime))))) \n statement) WEND)) \n 
  (statement 
    (end_statement END)) \n statement \n 
  (label 
    (text_label TimeUpdate) :) statement \n 
  (statement 
    (call_statement LOCATE 
      (call_argument_list 
        (call_argument 
          (expr 
            (literal 1))) , 
        (call_argument 
          (expr 
            (literal 7)))))) : 
  (statement 
    (print_statement PRINT 
      (print_args 
        (expr 
          (typed_id TIME $))))) \n 
  (statement 
    (return_statement RETURN)) \n)
