(program 
  (statement 
    (on_event_gosub_statement ON TIMER 
      ( 
        (expr 
          (literal 1)) ) GOSUB 
      (target 
        (text_label 
          (untyped_id TimeUpdate))))) \n 
  (statement 
    (event_control_statement TIMER ON)) \n 
  (statement 
    (call_statement 
      (untyped_id CLS))) \n 
  (statement 
    (print_statement PRINT 
      (expr 
        (literal "Time: ")) ; 
      (expr 
        (variable_or_function_call TIME$)))) \n 
  (statement 
    (assignment_statement 
      (variable_or_function_call StartTime) = 
      (expr 
        (builtin_function TIMER)))) \n 
  (statement 
    (while_wend_statement WHILE 
      (expr 
        (expr 
          (variable_or_function_call TimePast)) < 
        (expr 
          (literal 10))) 
      (block \n 
        (statement 
          (assignment_statement 
            (variable_or_function_call TimePast) = 
            (expr 
              (expr 
                (builtin_function TIMER)) - 
              (expr 
                (variable_or_function_call StartTime))))) \n statement) WEND)) \n 
  (statement 
    (end_statement END)) \n statement \n 
  (label 
    (text_label 
      (untyped_id TimeUpdate)) :) statement \n 
  (statement 
    (call_statement 
      (untyped_id LOCATE) 
      (call_argument_list 
        (call_argument 
          (expr 
            (literal 1))) , 
        (call_argument 
          (expr 
            (literal 7)))))) : 
  (statement 
    (print_statement PRINT 
      (expr 
        (variable_or_function_call TIME$)))) \n 
  (statement 
    (return_statement RETURN)) \n)
