(program 
  (statement 
    (select_case_statement select case 
      (expr 
        (variable i)) 
      (before_first_case \n) 
      (case_block 
        (case_statement case else) \n 
        (statement 
          (print_statement print 
            (print_args 
              (expr 
                (literal "huh"))))) \n statement) 
      (case_block 
        (case_statement case 
          (case_expr is >= 
            (expr 
              (literal 5)))) \n statement) 
      (case_block 
        (case_statement case 
          (case_expr 
            (expr 
              (literal 2))) , 
          (case_expr 
            (expr 
              (literal 3))) , 
          (case_expr 
            (expr 
              (literal 4)))) \n statement) 
      (case_block 
        (case_statement case 
          (case_expr 
            (expr 
              (literal 2)) to 
            (expr 
              (literal 4))) , 
          (case_expr 
            (expr 
              (literal 5)) to 
            (expr 
              (literal 7)))) \n statement) 
      (end_select_statement end select))) \n 
  (statement 
    (select_case_statement select case 
      (expr 
        (variable i)) 
      (before_first_case \n) 
      (end_select_statement end select))) \n 
  (statement 
    (select_case_statement select case 
      (expr 
        (variable i)) 
      (before_first_case :) 
      (end_select_statement end select))) \n 
  (statement 
    (select_case_statement select case 
      (expr 
        (variable i)) 
      (before_first_case :) 
      (case_block 
        (case_statement case 
          (case_expr 
            (expr 
              (literal 4)))) : 
        (statement 
          (print_statement print 
            (print_args 
              (expr 
                (literal "hi"))))) :) 
      (end_select_statement end select))) \n statement \n 
  (statement 
    (select_case_statement select case 
      (expr 
        (variable i)) 
      (before_first_case : 
        (rem_statement rem hooray) \n : : 
        (rem_statement rem yep) \n) 
      (case_block 
        (case_statement case 
          (case_expr 
            (expr 
              (literal 4)))) : 
        (statement 
          (print_statement print 
            (print_args 
              (expr 
                (literal "hi"))))) :) 
      (case_block 
        (case_statement case 
          (case_expr 
            (expr 
              (literal 5)))) : 
        (statement 
          (print_statement print 
            (print_args 
              (expr 
                (literal "bye"))))) \n statement) 
      (end_select_statement end select))) \n statement \n 
  (statement 
    (select_case_statement select case 
      (expr 
        (variable i)) 
      (before_first_case \n) 
      (case_block 
        (case_statement case else) \n 
        (if_block if 
          (expr 
            (variable foo)) then \n if_body_block 
          (end_if_statement end if)) \n statement) 
      (end_select_statement end select))) \n statement \n 
  (statement 
    (select_case_statement select case 
      (expr 
        (variable i)) 
      (before_first_case \n) 
      (case_block 
        (case_statement case 
          (case_expr 
            (expr 
              (literal 20)))) \n 
        (statement 
          (select_case_statement select case 
            (expr 
              (variable j)) 
            (before_first_case \n) 
            (case_block 
              (case_statement case 
                (case_expr 
                  (expr 
                    (literal 42)))) \n statement) 
            (case_block 
              (case_statement case else) \n statement) 
            (end_select_statement end select))) \n statement) 
      (case_block 
        (case_statement case else) \n 
        (statement 
          (select_case_statement select case 
            (expr 
              (variable k)) 
            (before_first_case \n) 
            (end_select_statement end select))) \n statement) 
      (end_select_statement end select))) \n statement <EOF>)
