(program 
  (line (statement (select_case_statement select case (expr (variable i)) (before_first_case \n) (first_case_line (case_statement case else) \n) (select_body_line (select_body_statement (statement (print_statement print (print_args (expr (literal "huh")))))) \n) (select_body_line (select_body_statement (case_statement case (case_expr is >= (expr (literal 5))))) \n) (select_body_line (select_body_statement (case_statement case (case_expr (expr (literal 2))) , (case_expr (expr (literal 3))) , (case_expr (expr (literal 4))))) \n) (select_body_line (select_body_statement (case_statement case (case_expr (expr (literal 2)) to (expr (literal 4))) , (case_expr (expr (literal 5)) to (expr (literal 7))))) \n) (end_select_line end select))) \n) 
  (line (statement (select_case_statement select case (expr (variable i)) (before_first_case \n) (end_select_line end select))) \n) 
  (line (statement (select_case_statement select case (expr (variable i)) (before_first_case :) (end_select_line end select))) \n) 
  (line (statement (select_case_statement select case (expr (variable i)) (before_first_case :) (end_select_line (select_body_statement (case_statement case (case_expr (expr (literal 4))))) : (select_body_statement (statement (print_statement print (print_args (expr (literal "hi")))))) : end select))) \n) 
  (line statement \n) 
  (line (statement (select_case_statement select case (expr (variable i)) (before_first_case : (rem_statement rem hooray) \n : : (rem_statement rem yep) \n) (first_case_line (case_statement case (case_expr (expr (literal 4)))) : (select_body_statement (statement (print_statement print (print_args (expr (literal "hi")))))) : (select_body_statement (case_statement case (case_expr (expr (literal 5))))) : (select_body_statement (statement (print_statement print (print_args (expr (literal "bye")))))) \n) (end_select_line end select))) \n) 
  (line statement \n) 
  (line (statement (select_case_statement select case (expr (variable i)) (before_first_case \n) (first_case_line (case_statement case else) \n) (select_body_line (if_block if (expr (variable foo)) then \n (end_if_line end if \n))) (end_select_line end select))) \n) 
  (line statement \n) 
  (line (statement (select_case_statement select case (expr (variable i)) (before_first_case \n) (first_case_line (case_statement case (case_expr (expr (literal 20)))) \n) (select_body_line (select_body_statement (statement (select_case_statement select case (expr (variable j)) (before_first_case \n) (first_case_line (case_statement case (case_expr (expr (literal 42)))) \n) (select_body_line (select_body_statement (case_statement case else)) \n) (end_select_line end select)))) \n) (select_body_line (select_body_statement (case_statement case else)) \n) (select_body_line (select_body_statement (statement (select_case_statement select case (expr (variable k)) (before_first_case \n) (end_select_line end select)))) \n) (end_select_line end select))) \n) <EOF>)
