(program 
  (line (statement (lifetime_statement static (decl_variable wowzas (decl_array_bounds ( )) as (type_name string * 42)))) \n) 
  (line (statement (lifetime_statement static (decl_variable (variable i)) , (decl_variable (variable j)) , (decl_variable (variable k)) , (decl_variable (variable a) (decl_array_bounds ( ))))) \n) 
  (line (statement (lifetime_statement static (decl_variable (variable a $)) , (decl_variable (variable b $) (decl_array_bounds ( ))) , (decl_variable (variable x)) , (decl_variable (variable y)) , (decl_variable (variable z)))) \n) <EOF>)
