(program 
  (sub_block sub foo 
    ( 
      (parameter_list 
        (parameter 
          (typed_id bar $)) , 
        (parameter baz as 
          (type_name_for_parameter_list string)) , 
        (parameter 
          (typed_id quux))) ) static 
    (sub_body_block \n 
      (sub_body_statement statement)) 
    (end_sub_statement end sub)) \n 
  (sub_block sub bar 
    ( 
      (parameter_list 
        (parameter 
          (typed_id a)) , 
        (parameter 
          (typed_id b)) , 
        (parameter 
          (typed_id c %))) ) 
    (sub_body_block :) 
    (end_sub_statement end sub)) \n 
  (sub_block sub baz 
    (sub_body_block :) 
    (end_sub_statement end sub : 
      (statement 
        (print_statement print 
          (print_args 
            (expr 
              (literal "wow"))))))) \n 
  (sub_block sub quux static 
    (sub_body_block \n 
      (sub_body_statement statement)) 
    (end_sub_statement end sub)) \n 
  (sub_block sub quux2 
    (sub_body_block : 
      (sub_body_statement 
        (statement 
          (print_statement print 
            (print_args 
              (expr 
                (literal "hi")))))) \n 
      (sub_body_statement 
        (statement 
          (print_statement print 
            (print_args 
              (expr 
                (literal "stuff")))))) : 
      (sub_body_statement statement)) 
    (end_sub_statement end sub)) \n 
  (sub_block sub empty 
    ( ) 
    (sub_body_block :) 
    (end_sub_statement end sub)) \n statement \n statement \n statement \n statement \n statement \n statement \n statement \n statement \n statement \n statement <EOF>)
