(program 
  (sub_statement sub foo 
    ( 
      (parameter_list 
        (parameter 
          (typed_id bar $)) , 
        (parameter baz as 
          (type_name_for_parameter_list string)) , 
        (parameter 
          (typed_id quux))) ) static 
    (block \n statement) 
    (end_sub_statement end sub)) \n 
  (sub_statement sub bar 
    ( 
      (parameter_list 
        (parameter 
          (typed_id a)) , 
        (parameter 
          (typed_id b)) , 
        (parameter 
          (typed_id c %))) ) 
    (block :) 
    (end_sub_statement end sub)) \n 
  (sub_statement sub baz 
    (block :) 
    (end_sub_statement end sub : 
      (statement 
        (print_statement print 
          (print_args 
            (expr 
              (literal "wow"))))))) \n 
  (sub_statement sub quux static 
    (block \n statement) 
    (end_sub_statement end sub)) \n 
  (sub_statement sub quux2 
    (block : 
      (statement 
        (print_statement print 
          (print_args 
            (expr 
              (literal "hi"))))) \n 
      (statement 
        (print_statement print 
          (print_args 
            (expr 
              (literal "stuff"))))) : statement) 
    (end_sub_statement end sub)) \n 
  (sub_statement sub empty 
    ( ) 
    (block :) 
    (end_sub_statement end sub)) \n statement \n statement \n statement \n statement \n statement \n statement \n statement \n statement \n statement \n statement <EOF>)
