(program 
  (statement 
    (type_statement type thing \n \n \n 
      (type_member x as 
        (type_name_for_type_member string * 40) \n) 
      (type_member 
        (rem_statement rem this is sure a great variable) \n) 
      (type_member y as 
        (type_name_for_type_member double) \n) 
      (type_member z as 
        (type_name_for_type_member anotherthing) \n) end type)) \n statement <EOF>)
