(program statement 
  (type_statement TYPE 
    (untyped_id Card) \n 
    (type_element 
      (untyped_id Suit) AS 
      (type_name_for_type_element 
        (fixed_string STRING * 9)) \n) 
    (type_element 
      (untyped_id Value) AS 
      (type_name_for_type_element INTEGER) \n) END TYPE) \n 
  (statement 
    (dim_statement DIM 
      (dim_variable 
        (untyped_id Deck) 
        (dim_array_bounds 
          ( 
            (dim_subscript 
              (expr 
                (literal 1)) TO 
              (expr 
                (literal 52))) )) AS 
        (type_name 
          (untyped_id Card))))) \n 
  (statement 
    (assignment_statement 
      (variable_or_function_call Deck 
        (args_or_indices 
          ( 
            (expr 
              (literal 1)) )) . Suit) = 
      (expr 
        (literal "Club")))) \n 
  (statement 
    (assignment_statement 
      (variable_or_function_call Deck 
        (args_or_indices 
          ( 
            (expr 
              (literal 1)) )) . Value) = 
      (expr 
        (literal 2)))) \n 
  (statement 
    (print_statement PRINT 
      (print_args 
        (expr 
          (variable_or_function_call Deck 
            (args_or_indices 
              ( 
                (expr 
                  (literal 1)) )) . Suit)) , 
        (print_args 
          (expr 
            (variable_or_function_call Deck 
              (args_or_indices 
                ( 
                  (expr 
                    (literal 1)) )) . Value)))))) \n)
