(program statement 
  (type_statement TYPE Card \n 
    (type_element Suit AS 
      (type_name_for_type_element 
        (fixed_string STRING * 9)) \n) 
    (type_element Value AS 
      (type_name_for_type_element INTEGER) \n) END TYPE) \n 
  (statement 
    (dim_statement DIM 
      (dim_variable Deck 
        (dim_array_bounds 
          ( 
            (dim_subscript 
              (expr 
                (literal 1)) TO 
              (expr 
                (literal 52))) )) AS 
        (type_name Card)))) \n 
  (statement 
    (assignment_statement 
      (typed_id Deck) 
      (args_or_indices 
        ( 
          (expr 
            (literal 1)) )) . 
      (typed_id Suit) = 
      (expr 
        (literal "Club")))) \n 
  (statement 
    (assignment_statement 
      (typed_id Deck) 
      (args_or_indices 
        ( 
          (expr 
            (literal 1)) )) . 
      (typed_id Value) = 
      (expr 
        (literal 2)))) \n 
  (statement 
    (print_statement PRINT 
      (print_args 
        (expr 
          (typed_id Deck) 
          (args_or_indices 
            ( 
              (expr 
                (literal 1)) )) . 
          (typed_id Suit)) , 
        (print_args 
          (expr 
            (typed_id Deck) 
            (args_or_indices 
              ( 
                (expr 
                  (literal 1)) )) . 
            (typed_id Value)))))) \n)
