(program statement \n 
  (statement 
    (screen_statement SCREEN 
      (expr 
        (literal 1)))) \n 
  (statement 
    (for_next_statement FOR i% = 
      (expr 
        (literal 1)) TO 
      (expr 
        (literal 10)) STEP 
      (expr 
        (literal 2)) 
      (block \n 
        (statement 
          (window_statement WINDOW 
            ( 
              (expr 
                (expr - 
                  (expr 
                    (literal 160))) / 
                (expr 
                  (variable_or_function_call i%))) , 
              (expr 
                (expr - 
                  (expr 
                    (literal 100))) / 
                (expr 
                  (variable_or_function_call i%))) ) - 
            ( 
              (expr 
                (expr 
                  (literal 160)) / 
                (expr 
                  (variable_or_function_call i%))) , 
              (expr 
                (expr 
                  (literal 100)) / 
                (expr 
                  (variable_or_function_call i%))) ))) \n 
        (statement 
          (circle_statement CIRCLE 
            ( 
              (expr 
                (literal 0)) , 
              (expr 
                (literal 0)) ) , 
            (expr 
              (literal 10)))) \n statement) NEXT i%)) \n <EOF>)
