(program 
  (declare_statement declare sub 
    (untyped_id foo)) \n 
  (declare_statement declare sub 
    (untyped_id foo2) 
    ( 
      (declare_parameter_list 
        (declare_parameter 
          (untyped_id x) as 
          (type_name_for_declare_parameter string)) , 
        (declare_parameter y$) , 
        (declare_parameter z%)) )) \n 
  (declare_statement declare function bar% 
    ( 
      (declare_parameter_list 
        (declare_parameter y%)) )) \n 
  (declare_statement declare function baz 
    ( )) \n 
  (declare_statement declare sub 
    (untyped_id a)) : 
  (declare_statement declare sub 
    (untyped_id b)) \n 
  (declare_statement declare sub 
    (untyped_id s) 
    ( 
      (declare_parameter_list 
        (declare_parameter 
          (untyped_id p) as 
          (type_name_for_declare_parameter any))) )) \n <EOF>)
