(program 
  (statement 
    (do_loop_statement do 
      (block :) loop 
      (do_condition until 
        (expr 
          (literal 0))))) \n 
  (statement 
    (do_loop_statement do 
      (block \n 
        (statement 
          (print_statement print 
            (expr 
              (literal "hi")))) \n) loop 
      (do_condition while 
        (expr 
          (literal 0))))) \n 
  (statement 
    (do_loop_statement do 
      (do_condition while 
        (expr 
          (literal 1))) 
      (block \n 
        (statement 
          (goto_statement goto 
            (target 
              (text_label 
                (untyped_id out))))) \n) loop)) \n 
  (label 
    (line_number 10)) \n 
  (statement 
    (do_loop_statement do 
      (block \n 
        (statement 
          (goto_statement goto 
            (target 
              (line_number 20)))) \n) loop)) \n 
  (statement 
    (do_loop_statement do 
      (do_condition until 
        (expr 
          (literal 0))) 
      (block :) loop)) \n 
  (statement 
    (do_loop_statement do 
      (block : 
        (statement 
          (goto_statement goto 
            (target 
              (line_number 30)))) :) loop)) \n 
  (label 
    (line_number 30)) \n 
  (statement 
    (print_statement print 
      (expr 
        (literal "hi")))) : 
  (statement 
    (do_loop_statement do 
      (block \n 
        (label 
          (line_number 40)) : 
        (statement 
          (goto_statement goto 
            (target 
              (line_number 50)))) :) loop)) \n 
  (label 
    (line_number 50)) \n 
  (statement 
    (print_statement print 
      (expr 
        (literal "hi")))) : 
  (statement 
    (do_loop_statement do 
      (block : 
        (statement 
          (do_loop_statement do 
            (block \n 
              (label 
                (line_number 60)) : 
              (statement 
                (goto_statement goto 
                  (target 
                    (line_number 70)))) :) loop)) :) loop)) \n 
  (label 
    (line_number 70)) \n 
  (statement 
    (do_loop_statement do 
      (block \n 
        (statement 
          (do_loop_statement do 
            (block \n \n) loop 
            (do_condition while 
              (expr 
                (variable_or_function_call j))))) \n) loop 
      (do_condition until 
        (expr 
          (variable_or_function_call i))))) \n <EOF>)
