(program 
  (statement 
    (paint_statement paint step 
      ( 
        (expr 
          (literal 0)) , 
        (expr 
          (literal 0)) ))) \n 
  (statement 
    (paint_statement paint 
      ( 
        (expr 
          (literal 0)) , 
        (expr 
          (literal 0)) ))) \n 
  (statement 
    (paint_statement paint 
      ( 
        (expr 
          (literal 0)) , 
        (expr 
          (literal 0)) ) , 
      (expr 
        (variable_or_function_call chr$ 
          ( 
            (argument_list 
              (argument 
                (expr 
                  (literal 12)))) ))) , 
      (expr 
        (literal 2)) , 
      (expr 
        (variable_or_function_call chr$ 
          ( 
            (argument_list 
              (argument 
                (expr 
                  (literal 0)))) ))))) \n 
  (statement 
    (paint_statement paint 
      ( 
        (expr 
          (literal 0)) , 
        (expr 
          (literal 0)) ) , 
      (expr 
        (literal 15)) , 
      (expr 
        (literal 2)))) \n 
  (statement 
    (paint_statement paint 
      ( 
        (expr 
          (literal 0)) , 
        (expr 
          (literal 0)) ) , 
      (expr 
        (variable_or_function_call chr$ 
          ( 
            (argument_list 
              (argument 
                (expr 
                  (literal 12)))) ))) , , 
      (expr 
        (variable_or_function_call chr$ 
          ( 
            (argument_list 
              (argument 
                (expr 
                  (literal 0)))) ))))) \n 
  (statement 
    (paint_statement paint 
      ( 
        (expr 
          (literal 0)) , 
        (expr 
          (literal 0)) ) , 
      (expr 
        (literal 15)))) \n 
  (statement 
    (paint_statement paint 
      ( 
        (expr 
          (literal 0)) , 
        (expr 
          (literal 0)) ) , , 
      (expr 
        (literal 2)) , 
      (expr 
        (variable_or_function_call chr$ 
          ( 
            (argument_list 
              (argument 
                (expr 
                  (literal 0)))) ))))) \n 
  (statement 
    (paint_statement paint 
      ( 
        (expr 
          (literal 0)) , 
        (expr 
          (literal 0)) ) , , , 
      (expr 
        (variable_or_function_call chr$ 
          ( 
            (argument_list 
              (argument 
                (expr 
                  (literal 0)))) ))))) \n <EOF>)
