(program 
  (statement 
    (select_case_statement select case 
      (expr 
        (variable_or_function_call i)) 
      (before_first_case \n) 
      (case_block 
        (case_statement case else) 
        (block \n 
          (statement 
            (print_statement print 
              (expr 
                (literal "huh")))) \n statement)) 
      (case_block 
        (case_statement case 
          (case_expr is >= 
            (expr 
              (literal 5)))) 
        (block \n statement)) 
      (case_block 
        (case_statement case 
          (case_expr 
            (expr 
              (literal 2))) , 
          (case_expr 
            (expr 
              (literal 3))) , 
          (case_expr 
            (expr 
              (literal 4)))) 
        (block \n statement)) 
      (case_block 
        (case_statement case 
          (case_expr 
            (expr 
              (literal 2)) to 
            (expr 
              (literal 4))) , 
          (case_expr 
            (expr 
              (literal 5)) to 
            (expr 
              (literal 7)))) 
        (block \n statement)) 
      (end_select_statement end select))) \n 
  (statement 
    (select_case_statement select case 
      (expr 
        (variable_or_function_call i)) 
      (before_first_case \n) 
      (end_select_statement end select))) \n 
  (statement 
    (select_case_statement select case 
      (expr 
        (variable_or_function_call i)) 
      (before_first_case :) 
      (end_select_statement end select))) \n 
  (statement 
    (select_case_statement select case 
      (expr 
        (variable_or_function_call i)) 
      (before_first_case :) 
      (case_block 
        (case_statement case 
          (case_expr 
            (expr 
              (literal 4)))) 
        (block : 
          (statement 
            (print_statement print 
              (expr 
                (literal "hi")))) :)) 
      (end_select_statement end select))) \n statement \n 
  (statement 
    (select_case_statement select case 
      (expr 
        (variable_or_function_call i)) 
      (before_first_case : 
        (rem_statement rem) \n : : 
        (rem_statement rem) \n) 
      (case_block 
        (case_statement case 
          (case_expr 
            (expr 
              (literal 4)))) 
        (block : 
          (statement 
            (print_statement print 
              (expr 
                (literal "hi")))) :)) 
      (case_block 
        (case_statement case 
          (case_expr 
            (expr 
              (literal 5)))) 
        (block : 
          (statement 
            (print_statement print 
              (expr 
                (literal "bye")))) \n statement)) 
      (end_select_statement end select))) \n statement \n 
  (statement 
    (select_case_statement select case 
      (expr 
        (variable_or_function_call i)) 
      (before_first_case \n) 
      (case_block 
        (case_statement case else) 
        (block \n 
          (if_block_statement if 
            (expr 
              (variable_or_function_call foo)) then \n then_block 
            (end_if_statement end if)) \n statement)) 
      (end_select_statement end select))) \n statement \n statement \n statement \n statement \n statement \n statement \n statement \n 
  (statement 
    (select_case_statement select case 
      (expr 
        (variable_or_function_call i)) 
      (before_first_case \n) 
      (case_block 
        (case_statement case 
          (case_expr 
            (expr 
              (literal 20)))) 
        (block \n 
          (statement 
            (select_case_statement select case 
              (expr 
                (variable_or_function_call j)) 
              (before_first_case \n) 
              (case_block 
                (case_statement case 
                  (case_expr 
                    (expr 
                      (literal 42)))) 
                (block \n statement)) 
              (case_block 
                (case_statement case else) 
                (block \n statement)) 
              (end_select_statement end select))) \n statement)) 
      (case_block 
        (case_statement case else) 
        (block \n 
          (statement 
            (select_case_statement select case 
              (expr 
                (variable_or_function_call k)) 
              (before_first_case \n) 
              (end_select_statement end select))) \n statement)) 
      (end_select_statement end select))) \n <EOF>)
