(program 
  (statement 
    (scope_statement static 
      (scope_variable 
        (untyped_id wowzas) 
        (array_declaration 
          ( )) as 
        (type_name 
          (fixed_string string * 42))))) \n 
  (statement 
    (scope_statement static 
      (scope_variable i) , 
      (scope_variable j) , 
      (scope_variable k) , 
      (scope_variable a 
        (array_declaration 
          ( ))))) \n 
  (statement 
    (scope_statement static 
      (scope_variable a$) , 
      (scope_variable b$ 
        (array_declaration 
          ( ))) , 
      (scope_variable x) , 
      (scope_variable y) , 
      (scope_variable z))) \n <EOF>)
