(program \n 
  (statement 
    (on_error_statement ON ERROR GOTO 
      (target 
        (text_label 
          (untyped_id Handler))))) \n 
  (label 
    (line_number 10)) 
  (statement 
    (call_statement 
      (untyped_id CHDIR) 
      (call_argument_list 
        (call_argument 
          (expr 
            (literal "a:\")))))) \n \n 
  (label 
    (line_number 20)) 
  (statement 
    (assignment_statement 
      (variable_or_function_call y%) = 
      (expr 
        (literal 0)))) \n 
  (label 
    (line_number 30)) 
  (statement 
    (assignment_statement 
      (variable_or_function_call x%) = 
      (expr 
        (expr 
          (literal 5)) / 
        (expr 
          (variable_or_function_call y%))))) \n 
  (label 
    (line_number 40)) 
  (statement 
    (print_statement PRINT 
      (expr 
        (literal "x% =")) ; 
      (expr 
        (variable_or_function_call x%)))) \n 
  (label 
    (line_number 50)) 
  (statement 
    (error_statement ERROR 
      (expr 
        (literal 57)))) \n \n 
  (label 
    (text_label 
      (untyped_id Handler)) :) \n 
  (statement 
    (print_statement PRINT)) \n 
  (statement 
    (print_statement PRINT 
      (expr 
        (literal "Error ")) ; 
      (expr 
        (variable_or_function_call ERR)) ; 
      (expr 
        (literal " on line ")) ; 
      (expr 
        (variable_or_function_call ERL)))) \n 
  (statement 
    (select_case_statement SELECT CASE 
      (expr 
        (variable_or_function_call ERR)) 
      (before_first_case \n) 
      (case_block 
        (case_statement CASE 
          (case_expr 
            (expr 
              (literal 71)))) 
        (block \n 
          (statement 
            (print_statement PRINT 
              (expr 
                (literal "Using device ")) ; 
              (expr 
                (variable_or_function_call ERDEV$)) ; 
              (expr 
                (literal " device error code = ")) ; 
              (expr 
                (variable_or_function_call ERDEV)))) \n 
          (statement 
            (resume_statement RESUME NEXT)) \n)) 
      (case_block 
        (case_statement CASE 
          (case_expr 
            (expr 
              (literal 11)))) 
        (block \n \n 
          (statement 
            (resume_statement RESUME)) \n)) 
      (case_block 
        (case_statement CASE ELSE) 
        (block \n 
          (statement 
            (print_statement PRINT 
              (expr 
                (literal "Unexpected error, ending program.")))) \n 
          (statement 
            (end_statement END)) \n)) 
      (end_select_statement END SELECT))) \n <EOF>)
