(program 
  (statement 
    (on_event_gosub_statement ON PLAY 
      ( 
        (expr 
          (literal 3)) ) GOSUB 
      (target 
        (text_label 
          (untyped_id Background))))) \n 
  (statement 
    (event_control_statement PLAY ON)) \n 
  (statement 
    (assignment_statement 
      (variable_or_function_call Music$) = 
      (expr 
        (literal "MBo3L8ED+ED+Eo2Bo3DCL2o2A")))) \n 
  (statement 
    (play_statement PLAY 
      (expr 
        (variable_or_function_call Music$)))) \n 
  (statement 
    (locate_statement LOCATE 
      (expr 
        (literal 2)) , 
      (expr 
        (literal 1)))) : 
  (statement 
    (print_statement PRINT 
      (expr 
        (literal "Press any key to stop.")) ;)) \n 
  (statement 
    (do_loop_statement DO 
      (do_condition WHILE 
        (expr 
          (expr 
            (variable_or_function_call INKEY$)) = 
          (expr 
            (literal "")))) 
      (block :) LOOP)) \n 
  (statement 
    (end_statement END)) \n \n 
  (label 
    (text_label 
      (untyped_id Background)) :) \n 
  (statement 
    (assignment_statement 
      (variable_or_function_call i%) = 
      (expr 
        (expr 
          (variable_or_function_call i%)) + 
        (expr 
          (literal 1))))) \n 
  (statement 
    (locate_statement LOCATE 
      (expr 
        (literal 1)) , 
      (expr 
        (literal 1)))) : 
  (statement 
    (print_statement PRINT 
      (expr 
        (literal "Background called ")) ; 
      (expr 
        (variable_or_function_call i%)) ; 
      (expr 
        (literal "time
          (s)")) ;)) \n 
  (statement 
    (play_statement PLAY 
      (expr 
        (variable_or_function_call Music$)))) \n 
  (statement 
    (return_statement RETURN)) \n <EOF>)
