(program 
  (statement 
    (const_statement CONST 
      (const_assignment PI = 
        (const_expr 
          (expr 
            (literal 3.1415926536)))))) \n 
  (statement 
    (call_statement 
      (untyped_id CLS))) \n 
  (statement 
    (screen_statement SCREEN 
      (expr 
        (literal 1)))) \n statement \n 
  (statement 
    (circle_statement CIRCLE 
      ( 
        (expr 
          (literal 190)) , 
        (expr 
          (literal 100)) ) , 
      (expr 
        (literal 100)) , 
      (expr 
        (literal 1)) , , , 
      (expr 
        (literal .3)))) \n 
  (statement 
    (circle_statement CIRCLE 
      ( 
        (expr 
          (literal 265)) , 
        (expr 
          (literal 92)) ) , 
      (expr 
        (literal 5)) , 
      (expr 
        (literal 1)) , , , 
      (expr 
        (literal .7)))) \n 
  (statement 
    (paint_statement PAINT 
      ( 
        (expr 
          (literal 190)) , 
        (expr 
          (literal 100)) ) , 
      (expr 
        (literal 2)) , 
      (expr 
        (literal 1)))) \n statement \n 
  (statement 
    (line_statement LINE 
      ( 
        (expr 
          (literal 40)) , 
        (expr 
          (literal 120)) ) - STEP 
      ( 
        (expr 
          (literal 0)) , 
        (expr - 
          (expr 
            (literal 40))) ) , 
      (expr 
        (literal 2)))) \n 
  (statement 
    (line_statement LINE - STEP 
      ( 
        (expr 
          (literal 60)) , 
        (expr 
          (literal 20)) ) , 
      (expr 
        (literal 2)))) \n 
  (statement 
    (line_statement LINE - STEP 
      ( 
        (expr - 
          (expr 
            (literal 60))) , 
        (expr 
          (literal 20)) ) , 
      (expr 
        (literal 2)))) \n 
  (statement 
    (paint_statement PAINT 
      ( 
        (expr 
          (literal 50)) , 
        (expr 
          (literal 100)) ) , 
      (expr 
        (literal 1)) , 
      (expr 
        (literal 2)))) \n statement \n 
  (statement 
    (circle_statement CIRCLE 
      ( 
        (expr 
          (literal 250)) , 
        (expr 
          (literal 100)) ) , 
      (expr 
        (literal 30)) , 
      (expr 
        (literal 0)) , 
      (expr 
        (expr 
          (expr 
            (variable_or_function_call PI)) * 
          (expr 
            (literal 3))) / 
        (expr 
          (literal 4))) , 
      (expr 
        (expr 
          (expr 
            (variable_or_function_call PI)) * 
          (expr 
            (literal 5))) / 
        (expr 
          (literal 4))) , 
      (expr 
        (literal 1.5)))) \n 
  (statement 
    (for_next_statement FOR Y = 
      (expr 
        (literal 90)) TO 
      (expr 
        (literal 110)) STEP 
      (expr 
        (literal 4)) 
      (block \n 
        (statement 
          (line_statement LINE 
            ( 
              (expr 
                (literal 40)) , 
              (expr 
                (variable_or_function_call Y)) ) - 
            ( 
              (expr 
                (literal 52)) , 
              (expr 
                (variable_or_function_call Y)) ) , 
            (expr 
              (literal 0)))) \n statement) NEXT)) \n <EOF>)
