(program 
  (statement 
    (assignment_statement 
      (variable_or_function_call Music$) = 
      (expr 
        (literal "MBT180o2P2P8L8GGGL2E-P24P8L8FFFL2D")))) \n 
  (statement 
    (play_statement PLAY 
      (expr 
        (variable_or_function_call Music$)))) \n 
  (statement 
    (while_wend_statement WHILE 
      (expr 
        (expr 
          (builtin_function PLAY 
            ( 
              (expr 
                (literal 0)) ))) > 
        (expr 
          (literal 5))) 
      (block :) WEND)) \n 
  (statement 
    (print_statement PRINT 
      (expr 
        (literal "Just about done!")))) \n <EOF>)
