(program 
  (statement 
    (print_statement PRINT 
      (expr 
        (literal "Press Esc to exit.")))) \n 
  (statement 
    (do_loop_statement DO 
      (block \n 
        (statement 
          (if_inline_statement IF 
            (expr 
              (expr 
                (builtin_function STRIG 
                  ( 
                    (expr 
                      (literal 0)) ))) OR 
              (expr 
                (expr 
                  (variable_or_function_call INKEY$)) = 
                (expr 
                  (variable_or_function_call CHR$ 
                    (args_or_indices 
                      ( 
                        (expr 
                          (literal 27)) )))))) THEN 
            (if_inline_action 
              (statement 
                (exit_statement EXIT DO))))) \n) LOOP)) \n 
  (statement 
    (do_loop_statement DO 
      (block \n 
        (statement 
          (call_statement 
            (untyped_id BEEP))) \n) LOOP 
      (do_condition WHILE 
        (expr 
          (builtin_function STRIG 
            ( 
              (expr 
                (literal 1)) )))))) \n <EOF>)
